> Task :app:preBuild UP-TO-DATE
> Task :app:preDebugBuild UP-TO-DATE
> Task :app:mergeDebugNativeDebugMetadata NO-SOURCE
> Task :app:generateDebugResources UP-TO-DATE
> Task :app:packageDebugResources UP-TO-DATE
> Task :app:processDebugNavigationResources UP-TO-DATE
> Task :app:parseDebugLocalResources UP-TO-DATE
> Task :app:generateDebugRFile UP-TO-DATE
> Task :app:compileDebugKotlin UP-TO-DATE
> Task :app:javaPreCompileDebug UP-TO-DATE
> Task :app:compileDebugJavaWithJavac NO-SOURCE
> Task :app:generateDebugAssets UP-TO-DATE
> Task :app:mergeDebugAssets UP-TO-DATE
> Task :app:compressDebugAssets UP-TO-DATE
> Task :app:processDebugJavaRes UP-TO-DATE
> Task :app:mergeDebugJavaResource UP-TO-DATE
> Task :app:checkDebugDuplicateClasses UP-TO-DATE
> Task :app:desugarDebugFileDependencies UP-TO-DATE
> Task :app:mergeExtDexDebug UP-TO-DATE
> Task :app:mergeLibDexDebug UP-TO-DATE
> Task :app:checkDebugAarMetadata UP-TO-DATE
> Task :app:compileDebugNavigationResources UP-TO-DATE
> Task :app:mapDebugSourceSetPaths UP-TO-DATE
> Task :app:createDebugCompatibleScreenManifests UP-TO-DATE
> Task :app:extractDeepLinksDebug UP-TO-DATE
> Task :app:processDebugMainManifest UP-TO-DATE
> Task :app:processDebugManifest UP-TO-DATE
> Task :app:processDebugManifestForPackage UP-TO-DATE
> Task :app:mergeDebugJniLibFolders UP-TO-DATE
> Task :app:mergeDebugNativeLibs UP-TO-DATE
> Task :app:stripDebugDebugSymbols UP-TO-DATE
> Task :app:validateSigningDebug UP-TO-DATE
> Task :app:writeDebugAppMetadata UP-TO-DATE
> Task :app:writeDebugSigningConfigVersions UP-TO-DATE
> Task :app:mergeDebugResources FAILED
.\gradlew : 
At line:1 char:1
+ .\gradlew assembleDebug 2>&1 | Out-File -FilePath "build_errors.txt"  ...
+ ~~~~~~~~~~~~~~~~~~~~~~~~~~~~
    + CategoryInfo          : NotSpecified: (:String) [], RemoteException
    + FullyQualifiedErrorId : NativeCommandError
 
FAILURE: Build failed with an exception.

* What went wrong:
Execution failed for task ':app:mergeDebugResources'.
> Multiple task action failures occurred:
   > A failure occurred while executing com.android.build.gradle.internal.res.Aapt2CompileRunnable
      > Android resource compilation failed
        ERROR: E:\AndroidStudioProjects\mockbank\template\app\src\main\res\drawable-hdpi\abc_textfield_search_default_mtrl_alpha.9.png: AAPT: error: file failed to compile.
            
   > A failure occurred while executing com.android.build.gradle.internal.res.Aapt2CompileRunnable
      > Android resource compilation failed
        ERROR: E:\AndroidStudioProjects\mockbank\template\app\src\main\res\drawable-mdpi\abc_textfield_search_default_mtrl_alpha.9.png: AAPT: error: file failed to compile.
            
   > A failure occurred while executing com.android.build.gradle.internal.res.Aapt2CompileRunnable
      > Android resource compilation failed
        ERROR: E:\AndroidStudioProjects\mockbank\template\app\src\main\res\drawable-hdpi\abc_list_divider_mtrl_alpha.9.png: AAPT: error: file failed to compile.
            
   > A failure occurred while executing com.android.build.gradle.internal.res.Aapt2CompileRunnable
      > Android resource compilation failed
        ERROR: E:\AndroidStudioProjects\mockbank\template\app\src\main\res\drawable-xhdpi\abc_list_divider_mtrl_alpha.9.png: AAPT: error: file failed to compile.
            
   > A failure occurred while executing com.android.build.gradle.internal.res.Aapt2CompileRunnable
      > Android resource compilation failed
        ERROR: E:\AndroidStudioProjects\mockbank\template\app\src\main\res\drawable-mdpi\abc_list_divider_mtrl_alpha.9.png: AAPT: error: file failed to compile.
            
   > A failure occurred while executing com.android.build.gradle.internal.res.Aapt2CompileRunnable
      > Android resource compilation failed
        ERROR: E:\AndroidStudioProjects\mockbank\template\app\src\main\res\drawable-xxhdpi\ps_ic_trans_1px.9.png: AAPT: error: file failed to compile.
            
   > A failure occurred while executing com.android.build.gradle.internal.res.Aapt2CompileRunnable
      > Android resource compilation failed
        ERROR: E:\AndroidStudioProjects\mockbank\template\app\src\main\res\drawable-xxhdpi\abc_list_divider_mtrl_alpha.9.png: AAPT: error: file failed to compile.
            
   > A failure occurred while executing com.android.build.gradle.internal.res.Aapt2CompileRunnable
      > Android resource compilation failed
        ERROR: E:\AndroidStudioProjects\mockbank\template\app\src\main\res\drawable-xhdpi\ssdk_weibo_common_shadow_top.9.png: AAPT: error: file failed to compile.
            

* Try:
> Run with --stacktrace option to get the stack trace.
> Run with --info or --debug option to get more log output.
> Run with --scan to generate a Build Scan (Powered by Develocity).
> Get more help at https://help.gradle.org.

BUILD FAILED in 6s
30 actionable tasks: 1 executed, 29 up-to-date
